C:\Users\karll\Desktop\Redball\src\Redball.UI.WPF\Services\AccessibilityService.cs(111,84): error CS0117: 'Colors' does not contain a definition for 'Highlight' [C:\Users\karll\Desktop\Redball\src\Redball.UI.WPF\Redball.UI.WPF_jrqopay0_wpftmp.csproj]
C:\Users\karll\Desktop\Redball\src\Redball.UI.WPF\Services\AccessibilityService.cs(225,9): error CS0103: The name 'Logger' does not exist in the current context [C:\Users\karll\Desktop\Redball\src\Redball.UI.WPF\Redball.UI.WPF_jrqopay0_wpftmp.csproj]
C:\Users\karll\Desktop\Redball\src\Redball.UI.WPF\Services\AccessibilityService.cs(246,13): error CS0103: The name 'Logger' does not exist in the current context [C:\Users\karll\Desktop\Redball\src\Redball.UI.WPF\Redball.UI.WPF_jrqopay0_wpftmp.csproj]
C:\Users\karll\Desktop\Redball\src\Redball.UI.WPF\Services\AccessibilityService.cs(61,9): error CS0103: The name 'Logger' does not exist in the current context [C:\Users\karll\Desktop\Redball\src\Redball.UI.WPF\Redball.UI.WPF_jrqopay0_wpftmp.csproj]
C:\Users\karll\Desktop\Redball\src\Redball.UI.WPF\Services\AccessibilityService.cs(94,9): error CS0103: The name 'Logger' does not exist in the current context [C:\Users\karll\Desktop\Redball\src\Redball.UI.WPF\Redball.UI.WPF_jrqopay0_wpftmp.csproj]
C:\Users\karll\Desktop\Redball\src\Redball.UI.WPF\Services\AdaptiveLayoutService.cs(104,9): error CS0103: The name 'Logger' does not exist in the current context [C:\Users\karll\Desktop\Redball\src\Redball.UI.WPF\Redball.UI.WPF_jrqopay0_wpftmp.csproj]
C:\Users\karll\Desktop\Redball\src\Redball.UI.WPF\Services\AdaptiveLayoutService.cs(166,13): error CS0103: The name 'Logger' does not exist in the current context [C:\Users\karll\Desktop\Redball\src\Redball.UI.WPF\Redball.UI.WPF_jrqopay0_wpftmp.csproj]
C:\Users\karll\Desktop\Redball\src\Redball.UI.WPF\Services\AdaptiveLayoutService.cs(171,13): error CS0103: The name 'Logger' does not exist in the current context [C:\Users\karll\Desktop\Redball\src\Redball.UI.WPF\Redball.UI.WPF_jrqopay0_wpftmp.csproj]
C:\Users\karll\Desktop\Redball\src\Redball.UI.WPF\Services\AdaptiveLayoutService.cs(192,9): error CS0103: The name 'Logger' does not exist in the current context [C:\Users\karll\Desktop\Redball\src\Redball.UI.WPF\Redball.UI.WPF_jrqopay0_wpftmp.csproj]
C:\Users\karll\Desktop\Redball\src\Redball.UI.WPF\Services\AdaptiveLayoutService.cs(61,9): error CS0103: The name 'Logger' does not exist in the current context [C:\Users\karll\Desktop\Redball\src\Redball.UI.WPF\Redball.UI.WPF_jrqopay0_wpftmp.csproj]
C:\Users\karll\Desktop\Redball\src\Redball.UI.WPF\Services\InputServiceClient.cs(164,32): error CS1061: 'ValueTask<string?>?' does not contain a definition for 'GetAwaiter' and no accessible extension method 'GetAwaiter' accepting a first argument of type 'ValueTask<string?>?' could be found (are you missing a using directive or an assembly reference?) [C:\Users\karll\Desktop\Redball\src\Redball.UI.WPF\Redball.UI.WPF_jrqopay0_wpftmp.csproj]
C:\Users\karll\Desktop\Redball\src\Redball.UI.WPF\Services\LatencyMaskingService.cs(129,9): error CS0103: The name 'Logger' does not exist in the current context [C:\Users\karll\Desktop\Redball\src\Redball.UI.WPF\Redball.UI.WPF_jrqopay0_wpftmp.csproj]
C:\Users\karll\Desktop\Redball\src\Redball.UI.WPF\Services\LatencyMaskingService.cs(162,9): error CS0103: The name 'Logger' does not exist in the current context [C:\Users\karll\Desktop\Redball\src\Redball.UI.WPF\Redball.UI.WPF_jrqopay0_wpftmp.csproj]
C:\Users\karll\Desktop\Redball\src\Redball.UI.WPF\Services\LatencyMaskingService.cs(194,9): error CS0103: The name 'Logger' does not exist in the current context [C:\Users\karll\Desktop\Redball\src\Redball.UI.WPF\Redball.UI.WPF_jrqopay0_wpftmp.csproj]
C:\Users\karll\Desktop\Redball\src\Redball.UI.WPF\Services\LatencyMaskingService.cs(57,9): error CS0103: The name 'Logger' does not exist in the current context [C:\Users\karll\Desktop\Redball\src\Redball.UI.WPF\Redball.UI.WPF_jrqopay0_wpftmp.csproj]
C:\Users\karll\Desktop\Redball\src\Redball.UI.WPF\Services\LatencyMaskingService.cs(87,13): error CS0103: The name 'Logger' does not exist in the current context [C:\Users\karll\Desktop\Redball\src\Redball.UI.WPF\Redball.UI.WPF_jrqopay0_wpftmp.csproj]
C:\Users\karll\Desktop\Redball\src\Redball.UI.WPF\Services\LatencyMaskingService.cs(93,13): error CS0103: The name 'Logger' does not exist in the current context [C:\Users\karll\Desktop\Redball\src\Redball.UI.WPF\Redball.UI.WPF_jrqopay0_wpftmp.csproj]
C:\Users\karll\Desktop\Redball\src\Redball.UI.WPF\Services\LatencyMaskingService.cs(98,13): error CS0103: The name 'Logger' does not exist in the current context [C:\Users\karll\Desktop\Redball\src\Redball.UI.WPF\Redball.UI.WPF_jrqopay0_wpftmp.csproj]
C:\Users\karll\Desktop\Redball\src\Redball.UI.WPF\Services\MemoryPressureService.cs(213,13): error CS0200: Property or indexer 'MemoryPressureEventArgs.RecommendedActions' cannot be assigned to -- it is read only [C:\Users\karll\Desktop\Redball\src\Redball.UI.WPF\Redball.UI.WPF_jrqopay0_wpftmp.csproj]
C:\Users\karll\Desktop\Redball\src\Redball.UI.WPF\Services\MemoryPressureService.cs(232,9): error CS0103: The name 'AdaptiveIntervalPolicy' does not exist in the current context [C:\Users\karll\Desktop\Redball\src\Redball.UI.WPF\Redball.UI.WPF_jrqopay0_wpftmp.csproj]
C:\Users\karll\Desktop\Redball\src\Redball.UI.WPF\Services\MemoryPressureService.cs(272,21): error CS0200: Property or indexer 'MemoryPressureEventArgs.RecommendedActions' cannot be assigned to -- it is read only [C:\Users\karll\Desktop\Redball\src\Redball.UI.WPF\Redball.UI.WPF_jrqopay0_wpftmp.csproj]
C:\Users\karll\Desktop\Redball\src\Redball.UI.WPF\Services\MemoryPressureService.cs(407,17): error CS0103: The name 'AdaptiveIntervalPolicy' does not exist in the current context [C:\Users\karll\Desktop\Redball\src\Redball.UI.WPF\Redball.UI.WPF_jrqopay0_wpftmp.csproj]
C:\Users\karll\Desktop\Redball\src\Redball.UI.WPF\Services\OfflineControlService.cs(149,26): error CS0117: 'AnalyticsService' does not contain a definition for 'Instance' [C:\Users\karll\Desktop\Redball\src\Redball.UI.WPF\Redball.UI.WPF_jrqopay0_wpftmp.csproj]
C:\Users\karll\Desktop\Redball\src\Redball.UI.WPF\Services\PRDStrategyGateService.cs(108,9): error CS0103: The name 'Logger' does not exist in the current context [C:\Users\karll\Desktop\Redball\src\Redball.UI.WPF\Redball.UI.WPF_jrqopay0_wpftmp.csproj]
C:\Users\karll\Desktop\Redball\src\Redball.UI.WPF\Services\PRDStrategyGateService.cs(132,9): error CS0103: The name 'Logger' does not exist in the current context [C:\Users\karll\Desktop\Redball\src\Redball.UI.WPF\Redball.UI.WPF_jrqopay0_wpftmp.csproj]
C:\Users\karll\Desktop\Redball\src\Redball.UI.WPF\Services\PRDStrategyGateService.cs(299,13): error CS0103: The name 'Logger' does not exist in the current context [C:\Users\karll\Desktop\Redball\src\Redball.UI.WPF\Redball.UI.WPF_jrqopay0_wpftmp.csproj]
C:\Users\karll\Desktop\Redball\src\Redball.UI.WPF\Services\PRDStrategyGateService.cs(55,9): error CS0103: The name 'Logger' does not exist in the current context [C:\Users\karll\Desktop\Redball\src\Redball.UI.WPF\Redball.UI.WPF_jrqopay0_wpftmp.csproj]
C:\Users\karll\Desktop\Redball\src\Redball.UI.WPF\Services\PRDStrategyGateService.cs(71,9): error CS0103: The name 'Logger' does not exist in the current context [C:\Users\karll\Desktop\Redball\src\Redball.UI.WPF\Redball.UI.WPF_jrqopay0_wpftmp.csproj]
C:\Users\karll\Desktop\Redball\src\Redball.UI.WPF\Services\ProductStrategyService.cs(131,9): error CS0103: The name 'Logger' does not exist in the current context [C:\Users\karll\Desktop\Redball\src\Redball.UI.WPF\Redball.UI.WPF_jrqopay0_wpftmp.csproj]
C:\Users\karll\Desktop\Redball\src\Redball.UI.WPF\Services\ProductStrategyService.cs(181,9): error CS0103: The name 'Logger' does not exist in the current context [C:\Users\karll\Desktop\Redball\src\Redball.UI.WPF\Redball.UI.WPF_jrqopay0_wpftmp.csproj]
C:\Users\karll\Desktop\Redball\src\Redball.UI.WPF\Services\ProductStrategyService.cs(381,22): error CS0103: The name 'ConfigService' does not exist in the current context [C:\Users\karll\Desktop\Redball\src\Redball.UI.WPF\Redball.UI.WPF_jrqopay0_wpftmp.csproj]
C:\Users\karll\Desktop\Redball\src\Redball.UI.WPF\Services\ReconciliationService.cs(124,9): error CS0103: The name 'Logger' does not exist in the current context [C:\Users\karll\Desktop\Redball\src\Redball.UI.WPF\Redball.UI.WPF_jrqopay0_wpftmp.csproj]
C:\Users\karll\Desktop\Redball\src\Redball.UI.WPF\Services\ReconciliationService.cs(140,13): error CS0103: The name 'Logger' does not exist in the current context [C:\Users\karll\Desktop\Redball\src\Redball.UI.WPF\Redball.UI.WPF_jrqopay0_wpftmp.csproj]
C:\Users\karll\Desktop\Redball\src\Redball.UI.WPF\Services\ReconciliationService.cs(153,9): error CS0103: The name 'Logger' does not exist in the current context [C:\Users\karll\Desktop\Redball\src\Redball.UI.WPF\Redball.UI.WPF_jrqopay0_wpftmp.csproj]
C:\Users\karll\Desktop\Redball\src\Redball.UI.WPF\Services\ReconciliationService.cs(260,9): error CS0103: The name 'Logger' does not exist in the current context [C:\Users\karll\Desktop\Redball\src\Redball.UI.WPF\Redball.UI.WPF_jrqopay0_wpftmp.csproj]
C:\Users\karll\Desktop\Redball\src\Redball.UI.WPF\Services\ReconciliationService.cs(307,9): error CS0103: The name 'Logger' does not exist in the current context [C:\Users\karll\Desktop\Redball\src\Redball.UI.WPF\Redball.UI.WPF_jrqopay0_wpftmp.csproj]
C:\Users\karll\Desktop\Redball\src\Redball.UI.WPF\Services\ReconciliationService.cs(66,9): error CS0103: The name 'Logger' does not exist in the current context [C:\Users\karll\Desktop\Redball\src\Redball.UI.WPF\Redball.UI.WPF_jrqopay0_wpftmp.csproj]
C:\Users\karll\Desktop\Redball\src\Redball.UI.WPF\Services\ReconciliationService.cs(93,9): error CS0103: The name 'Logger' does not exist in the current context [C:\Users\karll\Desktop\Redball\src\Redball.UI.WPF\Redball.UI.WPF_jrqopay0_wpftmp.csproj]
C:\Users\karll\Desktop\Redball\src\Redball.UI.WPF\Services\ReliabilityContractService.cs(102,17): error CS0103: The name 'Logger' does not exist in the current context [C:\Users\karll\Desktop\Redball\src\Redball.UI.WPF\Redball.UI.WPF_jrqopay0_wpftmp.csproj]
C:\Users\karll\Desktop\Redball\src\Redball.UI.WPF\Services\ReliabilityContractService.cs(112,13): error CS0103: The name 'Logger' does not exist in the current context [C:\Users\karll\Desktop\Redball\src\Redball.UI.WPF\Redball.UI.WPF_jrqopay0_wpftmp.csproj]
C:\Users\karll\Desktop\Redball\src\Redball.UI.WPF\Services\ReliabilityContractService.cs(124,13): error CS0103: The name 'Logger' does not exist in the current context [C:\Users\karll\Desktop\Redball\src\Redball.UI.WPF\Redball.UI.WPF_jrqopay0_wpftmp.csproj]
C:\Users\karll\Desktop\Redball\src\Redball.UI.WPF\Services\ReliabilityContractService.cs(128,9): error CS0103: The name 'Logger' does not exist in the current context [C:\Users\karll\Desktop\Redball\src\Redball.UI.WPF\Redball.UI.WPF_jrqopay0_wpftmp.csproj]
C:\Users\karll\Desktop\Redball\src\Redball.UI.WPF\Services\ReliabilityContractService.cs(137,13): error CS0103: The name 'Logger' does not exist in the current context [C:\Users\karll\Desktop\Redball\src\Redball.UI.WPF\Redball.UI.WPF_jrqopay0_wpftmp.csproj]
C:\Users\karll\Desktop\Redball\src\Redball.UI.WPF\Services\ReliabilityContractService.cs(146,9): error CS0103: The name 'Logger' does not exist in the current context [C:\Users\karll\Desktop\Redball\src\Redball.UI.WPF\Redball.UI.WPF_jrqopay0_wpftmp.csproj]
C:\Users\karll\Desktop\Redball\src\Redball.UI.WPF\Services\ReliabilityContractService.cs(151,13): error CS0103: The name 'Logger' does not exist in the current context [C:\Users\karll\Desktop\Redball\src\Redball.UI.WPF\Redball.UI.WPF_jrqopay0_wpftmp.csproj]
C:\Users\karll\Desktop\Redball\src\Redball.UI.WPF\Services\ReliabilityContractService.cs(168,9): error CS0103: The name 'Logger' does not exist in the current context [C:\Users\karll\Desktop\Redball\src\Redball.UI.WPF\Redball.UI.WPF_jrqopay0_wpftmp.csproj]
C:\Users\karll\Desktop\Redball\src\Redball.UI.WPF\Services\ReliabilityContractService.cs(187,9): error CS0103: The name 'Logger' does not exist in the current context [C:\Users\karll\Desktop\Redball\src\Redball.UI.WPF\Redball.UI.WPF_jrqopay0_wpftmp.csproj]
C:\Users\karll\Desktop\Redball\src\Redball.UI.WPF\Services\ReliabilityContractService.cs(205,9): error CS0103: The name 'Logger' does not exist in the current context [C:\Users\karll\Desktop\Redball\src\Redball.UI.WPF\Redball.UI.WPF_jrqopay0_wpftmp.csproj]
C:\Users\karll\Desktop\Redball\src\Redball.UI.WPF\Services\ReliabilityContractService.cs(223,9): error CS0103: The name 'Logger' does not exist in the current context [C:\Users\karll\Desktop\Redball\src\Redball.UI.WPF\Redball.UI.WPF_jrqopay0_wpftmp.csproj]
C:\Users\karll\Desktop\Redball\src\Redball.UI.WPF\Services\ReliabilityContractService.cs(242,9): error CS0103: The name 'Logger' does not exist in the current context [C:\Users\karll\Desktop\Redball\src\Redball.UI.WPF\Redball.UI.WPF_jrqopay0_wpftmp.csproj]
C:\Users\karll\Desktop\Redball\src\Redball.UI.WPF\Services\ReliabilityContractService.cs(256,17): error CS0103: The name 'KeepAwakeService' does not exist in the current context [C:\Users\karll\Desktop\Redball\src\Redball.UI.WPF\Redball.UI.WPF_jrqopay0_wpftmp.csproj]
C:\Users\karll\Desktop\Redball\src\Redball.UI.WPF\Services\ReliabilityContractService.cs(261,17): error CS0103: The name 'Logger' does not exist in the current context [C:\Users\karll\Desktop\Redball\src\Redball.UI.WPF\Redball.UI.WPF_jrqopay0_wpftmp.csproj]
C:\Users\karll\Desktop\Redball\src\Redball.UI.WPF\Services\ReliabilityContractService.cs(278,17): error CS0103: The name 'KeepAwakeService' does not exist in the current context [C:\Users\karll\Desktop\Redball\src\Redball.UI.WPF\Redball.UI.WPF_jrqopay0_wpftmp.csproj]
C:\Users\karll\Desktop\Redball\src\Redball.UI.WPF\Services\ReliabilityContractService.cs(279,17): error CS0103: The name 'Logger' does not exist in the current context [C:\Users\karll\Desktop\Redball\src\Redball.UI.WPF\Redball.UI.WPF_jrqopay0_wpftmp.csproj]
C:\Users\karll\Desktop\Redball\src\Redball.UI.WPF\Services\ReliabilityContractService.cs(298,17): error CS0103: The name 'Logger' does not exist in the current context [C:\Users\karll\Desktop\Redball\src\Redball.UI.WPF\Redball.UI.WPF_jrqopay0_wpftmp.csproj]
C:\Users\karll\Desktop\Redball\src\Redball.UI.WPF\Services\ReliabilityContractService.cs(316,17): error CS0103: The name 'Logger' does not exist in the current context [C:\Users\karll\Desktop\Redball\src\Redball.UI.WPF\Redball.UI.WPF_jrqopay0_wpftmp.csproj]
C:\Users\karll\Desktop\Redball\src\Redball.UI.WPF\Services\ReliabilityContractService.cs(328,17): error CS0103: The name 'KeepAwakeService' does not exist in the current context [C:\Users\karll\Desktop\Redball\src\Redball.UI.WPF\Redball.UI.WPF_jrqopay0_wpftmp.csproj]
C:\Users\karll\Desktop\Redball\src\Redball.UI.WPF\Services\ReliabilityContractService.cs(347,17): error CS0103: The name 'KeepAwakeService' does not exist in the current context [C:\Users\karll\Desktop\Redball\src\Redball.UI.WPF\Redball.UI.WPF_jrqopay0_wpftmp.csproj]
C:\Users\karll\Desktop\Redball\src\Redball.UI.WPF\Services\ReliabilityContractService.cs(348,17): error CS0103: The name 'Logger' does not exist in the current context [C:\Users\karll\Desktop\Redball\src\Redball.UI.WPF\Redball.UI.WPF_jrqopay0_wpftmp.csproj]
C:\Users\karll\Desktop\Redball\src\Redball.UI.WPF\Services\ReliabilityContractService.cs(377,9): error CS0103: The name 'Logger' does not exist in the current context [C:\Users\karll\Desktop\Redball\src\Redball.UI.WPF\Redball.UI.WPF_jrqopay0_wpftmp.csproj]
C:\Users\karll\Desktop\Redball\src\Redball.UI.WPF\Services\ReliabilityContractService.cs(55,9): error CS0103: The name 'Logger' does not exist in the current context [C:\Users\karll\Desktop\Redball\src\Redball.UI.WPF\Redball.UI.WPF_jrqopay0_wpftmp.csproj]
C:\Users\karll\Desktop\Redball\src\Redball.UI.WPF\Services\ReliabilityContractService.cs(78,9): error CS0103: The name 'Logger' does not exist in the current context [C:\Users\karll\Desktop\Redball\src\Redball.UI.WPF\Redball.UI.WPF_jrqopay0_wpftmp.csproj]
C:\Users\karll\Desktop\Redball\src\Redball.UI.WPF\Services\ReliabilityContractService.cs(88,13): error CS0103: The name 'Logger' does not exist in the current context [C:\Users\karll\Desktop\Redball\src\Redball.UI.WPF\Redball.UI.WPF_jrqopay0_wpftmp.csproj]
C:\Users\karll\Desktop\Redball\src\Redball.UI.WPF\Services\ReliabilityContractService.cs(92,9): error CS0103: The name 'Logger' does not exist in the current context [C:\Users\karll\Desktop\Redball\src\Redball.UI.WPF\Redball.UI.WPF_jrqopay0_wpftmp.csproj]
C:\Users\karll\Desktop\Redball\src\Redball.UI.WPF\Services\ReproducibleBuildService.cs(108,9): error CS0103: The name 'Logger' does not exist in the current context [C:\Users\karll\Desktop\Redball\src\Redball.UI.WPF\Redball.UI.WPF_jrqopay0_wpftmp.csproj]
C:\Users\karll\Desktop\Redball\src\Redball.UI.WPF\Services\ReproducibleBuildService.cs(142,9): error CS0103: The name 'Logger' does not exist in the current context [C:\Users\karll\Desktop\Redball\src\Redball.UI.WPF\Redball.UI.WPF_jrqopay0_wpftmp.csproj]
C:\Users\karll\Desktop\Redball\src\Redball.UI.WPF\Services\ReproducibleBuildService.cs(153,13): error CS0103: The name 'Logger' does not exist in the current context [C:\Users\karll\Desktop\Redball\src\Redball.UI.WPF\Redball.UI.WPF_jrqopay0_wpftmp.csproj]
C:\Users\karll\Desktop\Redball\src\Redball.UI.WPF\Services\ReproducibleBuildService.cs(167,13): error CS0103: The name 'Logger' does not exist in the current context [C:\Users\karll\Desktop\Redball\src\Redball.UI.WPF\Redball.UI.WPF_jrqopay0_wpftmp.csproj]
C:\Users\karll\Desktop\Redball\src\Redball.UI.WPF\Services\ReproducibleBuildService.cs(173,13): error CS0103: The name 'Logger' does not exist in the current context [C:\Users\karll\Desktop\Redball\src\Redball.UI.WPF\Redball.UI.WPF_jrqopay0_wpftmp.csproj]
C:\Users\karll\Desktop\Redball\src\Redball.UI.WPF\Services\ReproducibleBuildService.cs(245,9): error CS0103: The name 'Logger' does not exist in the current context [C:\Users\karll\Desktop\Redball\src\Redball.UI.WPF\Redball.UI.WPF_jrqopay0_wpftmp.csproj]
C:\Users\karll\Desktop\Redball\src\Redball.UI.WPF\Services\ReproducibleBuildService.cs(82,9): error CS0103: The name 'Logger' does not exist in the current context [C:\Users\karll\Desktop\Redball\src\Redball.UI.WPF\Redball.UI.WPF_jrqopay0_wpftmp.csproj]
C:\Users\karll\Desktop\Redball\src\Redball.UI.WPF\Services\TaskFunnelService.cs(215,26): error CS0117: 'AnalyticsService' does not contain a definition for 'Instance' [C:\Users\karll\Desktop\Redball\src\Redball.UI.WPF\Redball.UI.WPF_jrqopay0_wpftmp.csproj]
C:\Users\karll\Desktop\Redball\src\Redball.UI.WPF\Services\TaskFunnelService.cs(282,34): error CS0117: 'AnalyticsService' does not contain a definition for 'Instance' [C:\Users\karll\Desktop\Redball\src\Redball.UI.WPF\Redball.UI.WPF_jrqopay0_wpftmp.csproj]
C:\Users\karll\Desktop\Redball\src\Redball.UI.WPF\Services\TaskFunnelService.cs(303,26): error CS0117: 'AnalyticsService' does not contain a definition for 'Instance' [C:\Users\karll\Desktop\Redball\src\Redball.UI.WPF\Redball.UI.WPF_jrqopay0_wpftmp.csproj]
C:\Users\karll\Desktop\Redball\src\Redball.UI.WPF\Services\UpdateObservabilityService.cs(497,30): error CS0117: 'AnalyticsService' does not contain a definition for 'Instance' [C:\Users\karll\Desktop\Redball\src\Redball.UI.WPF\Redball.UI.WPF_jrqopay0_wpftmp.csproj]
C:\Users\karll\Desktop\Redball\src\Redball.UI.WPF\Services\UpdateObservabilityService.cs(509,34): error CS0117: 'AnalyticsService' does not contain a definition for 'Instance' [C:\Users\karll\Desktop\Redball\src\Redball.UI.WPF\Redball.UI.WPF_jrqopay0_wpftmp.csproj]
C:\Users\karll\Desktop\Redball\src\Redball.UI.WPF\Services\ValueMapService.cs(54,9): error CS0103: The name 'Logger' does not exist in the current context [C:\Users\karll\Desktop\Redball\src\Redball.UI.WPF\Redball.UI.WPF_jrqopay0_wpftmp.csproj]
C:\Users\karll\Desktop\Redball\src\Redball.UI.WPF\Services\ValueMapService.cs(63,9): error CS0103: The name 'Logger' does not exist in the current context [C:\Users\karll\Desktop\Redball\src\Redball.UI.WPF\Redball.UI.WPF_jrqopay0_wpftmp.csproj]
C:\Users\karll\Desktop\Redball\src\Redball.UI.WPF\Services\ValueMapService.cs(88,13): error CS0103: The name 'Logger' does not exist in the current context [C:\Users\karll\Desktop\Redball\src\Redball.UI.WPF\Redball.UI.WPF_jrqopay0_wpftmp.csproj]
C:\Users\karll\Desktop\Redball\src\Redball.UI.WPF\Services\VersionedDataModelService.cs(130,9): error CS0103: The name 'Logger' does not exist in the current context [C:\Users\karll\Desktop\Redball\src\Redball.UI.WPF\Redball.UI.WPF_jrqopay0_wpftmp.csproj]
C:\Users\karll\Desktop\Redball\src\Redball.UI.WPF\Services\VersionedDataModelService.cs(146,9): error CS0103: The name 'Logger' does not exist in the current context [C:\Users\karll\Desktop\Redball\src\Redball.UI.WPF\Redball.UI.WPF_jrqopay0_wpftmp.csproj]
C:\Users\karll\Desktop\Redball\src\Redball.UI.WPF\Services\VersionedDataModelService.cs(162,17): error CS0103: The name 'Logger' does not exist in the current context [C:\Users\karll\Desktop\Redball\src\Redball.UI.WPF\Redball.UI.WPF_jrqopay0_wpftmp.csproj]
C:\Users\karll\Desktop\Redball\src\Redball.UI.WPF\Services\VersionedDataModelService.cs(166,13): error CS0103: The name 'Logger' does not exist in the current context [C:\Users\karll\Desktop\Redball\src\Redball.UI.WPF\Redball.UI.WPF_jrqopay0_wpftmp.csproj]
C:\Users\karll\Desktop\Redball\src\Redball.UI.WPF\Services\VersionedDataModelService.cs(260,9): error CS0103: The name 'Logger' does not exist in the current context [C:\Users\karll\Desktop\Redball\src\Redball.UI.WPF\Redball.UI.WPF_jrqopay0_wpftmp.csproj]
C:\Users\karll\Desktop\Redball\src\Redball.UI.WPF\Services\VersionedDataModelService.cs(330,13): error CS0103: The name 'Logger' does not exist in the current context [C:\Users\karll\Desktop\Redball\src\Redball.UI.WPF\Redball.UI.WPF_jrqopay0_wpftmp.csproj]
C:\Users\karll\Desktop\Redball\src\Redball.UI.WPF\Services\VisualHierarchyAuditService.cs(101,9): error CS0103: The name 'Logger' does not exist in the current context [C:\Users\karll\Desktop\Redball\src\Redball.UI.WPF\Redball.UI.WPF_jrqopay0_wpftmp.csproj]
C:\Users\karll\Desktop\Redball\src\Redball.UI.WPF\Services\VisualHierarchyAuditService.cs(77,9): error CS0103: The name 'Logger' does not exist in the current context [C:\Users\karll\Desktop\Redball\src\Redball.UI.WPF\Redball.UI.WPF_jrqopay0_wpftmp.csproj]
C:\Users\karll\Desktop\Redball\src\Redball.UI.WPF\Services\WindowsCredentialSecretProvider.cs(122,34): error CS1503: Argument 1: cannot convert from 'nint' to 'byte[]' [C:\Users\karll\Desktop\Redball\src\Redball.UI.WPF\Redball.UI.WPF_jrqopay0_wpftmp.csproj]
C:\Users\karll\Desktop\Redball\src\Redball.UI.WPF\Services\WindowsCredentialSecretProvider.cs(122,61): error CS1503: Argument 2: cannot convert from 'byte[]' to 'int' [C:\Users\karll\Desktop\Redball\src\Redball.UI.WPF\Redball.UI.WPF_jrqopay0_wpftmp.csproj]
C:\Users\karll\Desktop\Redball\src\Redball.UI.WPF\Services\WindowsCredentialSecretProvider.cs(122,75): error CS1503: Argument 4: cannot convert from 'uint' to 'int' [C:\Users\karll\Desktop\Redball\src\Redball.UI.WPF\Redball.UI.WPF_jrqopay0_wpftmp.csproj]
C:\Users\karll\Desktop\Redball\src\Redball.UI.WPF\Services\WindowsCredentialSecretProvider.cs(54,42): error CS0266: Cannot implicitly convert type 'int' to 'uint'. An explicit conversion exists (are you missing a cast?) [C:\Users\karll\Desktop\Redball\src\Redball.UI.WPF\Redball.UI.WPF_jrqopay0_wpftmp.csproj]
C:\Users\karll\Desktop\Redball\src\Redball.UI.WPF\Services\WindowsCredentialSecretProvider.cs(55,31): error CS0266: Cannot implicitly convert type 'Redball.UI.Services.WindowsCredentialSecretProvider.CRED_PERSIST' to 'uint'. An explicit conversion exists (are you missing a cast?) [C:\Users\karll\Desktop\Redball\src\Redball.UI.WPF\Redball.UI.WPF_jrqopay0_wpftmp.csproj]
C:\Users\karll\Desktop\Redball\src\Redball.UI.WPF\Services\WindowsShellIntegrationService.cs(115,13): error CS0103: The name 'Logger' does not exist in the current context [C:\Users\karll\Desktop\Redball\src\Redball.UI.WPF\Redball.UI.WPF_jrqopay0_wpftmp.csproj]
C:\Users\karll\Desktop\Redball\src\Redball.UI.WPF\Services\WindowsShellIntegrationService.cs(119,13): error CS0103: The name 'Logger' does not exist in the current context [C:\Users\karll\Desktop\Redball\src\Redball.UI.WPF\Redball.UI.WPF_jrqopay0_wpftmp.csproj]
C:\Users\karll\Desktop\Redball\src\Redball.UI.WPF\Services\WindowsShellIntegrationService.cs(135,13): error CS0103: The name 'Logger' does not exist in the current context [C:\Users\karll\Desktop\Redball\src\Redball.UI.WPF\Redball.UI.WPF_jrqopay0_wpftmp.csproj]
C:\Users\karll\Desktop\Redball\src\Redball.UI.WPF\Services\WindowsShellIntegrationService.cs(139,13): error CS0103: The name 'Logger' does not exist in the current context [C:\Users\karll\Desktop\Redball\src\Redball.UI.WPF\Redball.UI.WPF_jrqopay0_wpftmp.csproj]
C:\Users\karll\Desktop\Redball\src\Redball.UI.WPF\Services\WindowsShellIntegrationService.cs(178,13): error CS0103: The name 'Logger' does not exist in the current context [C:\Users\karll\Desktop\Redball\src\Redball.UI.WPF\Redball.UI.WPF_jrqopay0_wpftmp.csproj]
C:\Users\karll\Desktop\Redball\src\Redball.UI.WPF\Services\WindowsShellIntegrationService.cs(182,13): error CS0103: The name 'Logger' does not exist in the current context [C:\Users\karll\Desktop\Redball\src\Redball.UI.WPF\Redball.UI.WPF_jrqopay0_wpftmp.csproj]
C:\Users\karll\Desktop\Redball\src\Redball.UI.WPF\Services\WindowsShellIntegrationService.cs(193,13): error CS0103: The name 'Logger' does not exist in the current context [C:\Users\karll\Desktop\Redball\src\Redball.UI.WPF\Redball.UI.WPF_jrqopay0_wpftmp.csproj]
C:\Users\karll\Desktop\Redball\src\Redball.UI.WPF\Services\WindowsShellIntegrationService.cs(197,13): error CS0103: The name 'Logger' does not exist in the current context [C:\Users\karll\Desktop\Redball\src\Redball.UI.WPF\Redball.UI.WPF_jrqopay0_wpftmp.csproj]
C:\Users\karll\Desktop\Redball\src\Redball.UI.WPF\Services\WindowsShellIntegrationService.cs(265,13): error CS0103: The name 'Logger' does not exist in the current context [C:\Users\karll\Desktop\Redball\src\Redball.UI.WPF\Redball.UI.WPF_jrqopay0_wpftmp.csproj]
C:\Users\karll\Desktop\Redball\src\Redball.UI.WPF\Services\WindowsShellIntegrationService.cs(269,13): error CS0103: The name 'Logger' does not exist in the current context [C:\Users\karll\Desktop\Redball\src\Redball.UI.WPF\Redball.UI.WPF_jrqopay0_wpftmp.csproj]
C:\Users\karll\Desktop\Redball\src\Redball.UI.WPF\Services\WindowsShellIntegrationService.cs(286,13): error CS0103: The name 'Logger' does not exist in the current context [C:\Users\karll\Desktop\Redball\src\Redball.UI.WPF\Redball.UI.WPF_jrqopay0_wpftmp.csproj]
C:\Users\karll\Desktop\Redball\src\Redball.UI.WPF\Services\WindowsShellIntegrationService.cs(290,13): error CS0103: The name 'Logger' does not exist in the current context [C:\Users\karll\Desktop\Redball\src\Redball.UI.WPF\Redball.UI.WPF_jrqopay0_wpftmp.csproj]
C:\Users\karll\Desktop\Redball\src\Redball.UI.WPF\Services\WindowsShellIntegrationService.cs(299,9): error CS0103: The name 'Logger' does not exist in the current context [C:\Users\karll\Desktop\Redball\src\Redball.UI.WPF\Redball.UI.WPF_jrqopay0_wpftmp.csproj]
C:\Users\karll\Desktop\Redball\src\Redball.UI.WPF\Services\WindowsShellIntegrationService.cs(352,13): error CS0103: The name 'Logger' does not exist in the current context [C:\Users\karll\Desktop\Redball\src\Redball.UI.WPF\Redball.UI.WPF_jrqopay0_wpftmp.csproj]
C:\Users\karll\Desktop\Redball\src\Redball.UI.WPF\Services\WindowsShellIntegrationService.cs(356,13): error CS0103: The name 'Logger' does not exist in the current context [C:\Users\karll\Desktop\Redball\src\Redball.UI.WPF\Redball.UI.WPF_jrqopay0_wpftmp.csproj]
C:\Users\karll\Desktop\Redball\src\Redball.UI.WPF\Services\WindowsShellIntegrationService.cs(50,9): error CS0103: The name 'Logger' does not exist in the current context [C:\Users\karll\Desktop\Redball\src\Redball.UI.WPF\Redball.UI.WPF_jrqopay0_wpftmp.csproj]
C:\Users\karll\Desktop\Redball\src\Redball.UI.WPF\Services\WindowsShellIntegrationService.cs(70,13): error CS0103: The name 'Logger' does not exist in the current context [C:\Users\karll\Desktop\Redball\src\Redball.UI.WPF\Redball.UI.WPF_jrqopay0_wpftmp.csproj]
C:\Users\karll\Desktop\Redball\src\Redball.UI.WPF\Services\WindowsShellIntegrationService.cs(75,13): error CS0103: The name 'Logger' does not exist in the current context [C:\Users\karll\Desktop\Redball\src\Redball.UI.WPF\Redball.UI.WPF_jrqopay0_wpftmp.csproj]
C:\Users\karll\Desktop\Redball\src\Redball.UI.WPF\Services\WindowsShellIntegrationService.cs(91,13): error CS0103: The name 'Logger' does not exist in the current context [C:\Users\karll\Desktop\Redball\src\Redball.UI.WPF\Redball.UI.WPF_jrqopay0_wpftmp.csproj]
C:\Users\karll\Desktop\Redball\src\Redball.UI.WPF\Services\WindowsShellIntegrationService.cs(96,13): error CS0103: The name 'Logger' does not exist in the current context [C:\Users\karll\Desktop\Redball\src\Redball.UI.WPF\Redball.UI.WPF_jrqopay0_wpftmp.csproj]
C:\Users\karll\Desktop\Redball\src\Redball.UI.WPF\Views\CommandPaletteWindow.xaml.cs(154,17): error CS0103: The name 'Logger' does not exist in the current context [C:\Users\karll\Desktop\Redball\src\Redball.UI.WPF\Redball.UI.WPF_jrqopay0_wpftmp.csproj]
C:\Users\karll\Desktop\Redball\src\Redball.UI.WPF\Views\CommandPaletteWindow.xaml.cs(170,9): error CS0103: The name 'Logger' does not exist in the current context [C:\Users\karll\Desktop\Redball\src\Redball.UI.WPF\Redball.UI.WPF_jrqopay0_wpftmp.csproj]
C:\Users\karll\Desktop\Redball\src\Redball.UI.WPF\Views\CommandPaletteWindow.xaml.cs(175,47): error CS0246: The type or namespace name 'MainWindow' could not be found (are you missing a using directive or an assembly reference?) [C:\Users\karll\Desktop\Redball\src\Redball.UI.WPF\Redball.UI.WPF_jrqopay0_wpftmp.csproj]
C:\Users\karll\Desktop\Redball\src\Redball.UI.WPF\Views\MainWindow.Navigation.cs(564,37): error CS0234: The type or namespace name 'Pages' does not exist in the namespace 'Redball.UI.Views' (are you missing an assembly reference?) [C:\Users\karll\Desktop\Redball\src\Redball.UI.WPF\Redball.UI.WPF_jrqopay0_wpftmp.csproj]
C:\Users\karll\Desktop\Redball\src\Redball.UI.WPF\Views\MainWindow.Navigation.cs(565,13): error CS0103: The name 'ContentFrame' does not exist in the current context [C:\Users\karll\Desktop\Redball\src\Redball.UI.WPF\Redball.UI.WPF_jrqopay0_wpftmp.csproj]
C:\Users\karll\Desktop\Redball\src\Redball.UI.WPF\Views\MainWindow.Navigation.cs(696,9): error CS8209: A value of type 'void' may not be assigned. [C:\Users\karll\Desktop\Redball\src\Redball.UI.WPF\Redball.UI.WPF_jrqopay0_wpftmp.csproj]
C:\Users\karll\Desktop\Redball\src\Redball.UI.WPF\Views\Pages\CrashTelemetryPage.xaml.cs(93,30): error CS0246: The type or namespace name 'CrashReportsDialog' could not be found (are you missing a using directive or an assembly reference?) [C:\Users\karll\Desktop\Redball\src\Redball.UI.WPF\Redball.UI.WPF_jrqopay0_wpftmp.csproj]
C:\Users\karll\Desktop\Redball\src\Redball.UI.WPF\Views\Pages\SloDashboardPage.xaml.cs(265,26): error CS0246: The type or namespace name 'StartupHistoryDialog' could not be found (are you missing a using directive or an assembly reference?) [C:\Users\karll\Desktop\Redball\src\Redball.UI.WPF\Redball.UI.WPF_jrqopay0_wpftmp.csproj]
C:\Users\karll\Desktop\Redball\src\Redball.UI.WPF\Views\Pages\SyncHealthPage.xaml.cs(145,13): error CS0103: The name 'Logger' does not exist in the current context [C:\Users\karll\Desktop\Redball\src\Redball.UI.WPF\Redball.UI.WPF_jrqopay0_wpftmp.csproj]
C:\Users\karll\Desktop\Redball\src\Redball.UI.WPF\Views\Pages\SyncHealthPage.xaml.cs(161,30): error CS0246: The type or namespace name 'SyncEventsDialog' could not be found (are you missing a using directive or an assembly reference?) [C:\Users\karll\Desktop\Redball\src\Redball.UI.WPF\Redball.UI.WPF_jrqopay0_wpftmp.csproj]
C:\Users\karll\Desktop\Redball\src\Redball.UI.WPF\Views\Pages\SyncHealthPage.xaml.cs(166,13): error CS0103: The name 'Logger' does not exist in the current context [C:\Users\karll\Desktop\Redball\src\Redball.UI.WPF\Redball.UI.WPF_jrqopay0_wpftmp.csproj]
C:\Users\karll\Desktop\Redball\src\Redball.UI.WPF\Views\Pages\SyncHealthPage.xaml.cs(189,13): error CS0103: The name 'Logger' does not exist in the current context [C:\Users\karll\Desktop\Redball\src\Redball.UI.WPF\Redball.UI.WPF_jrqopay0_wpftmp.csproj]
C:\Users\karll\Desktop\Redball\src\Redball.UI.WPF\Views\Pages\SyncHealthPage.xaml.cs(51,13): error CS0103: The name 'Logger' does not exist in the current context [C:\Users\karll\Desktop\Redball\src\Redball.UI.WPF\Redball.UI.WPF_jrqopay0_wpftmp.csproj]
C:\Users\karll\Desktop\Redball\src\Redball.UI.WPF\Views\SecretManagementWindow.xaml.cs(140,26): error CS1061: 'SecretProviderHealth' does not contain a definition for 'GetAwaiter' and no accessible extension method 'GetAwaiter' accepting a first argument of type 'SecretProviderHealth' could be found (are you missing a using directive or an assembly reference?) [C:\Users\karll\Desktop\Redball\src\Redball.UI.WPF\Redball.UI.WPF_jrqopay0_wpftmp.csproj]
